// Jest Snapshot v1, https://goo.gl/fbAQLP

exports[`Snapshot of the Home component 1`] = `
Array [
  <div
    className="header-container"
  >
    <div
      className="header-container"
    >
      <div
        className="img-header-container"
      >
        <img
          alt="logo"
          className="logo-header"
          src="pngegg.png"
        />
      </div>
      <div
        className="title-header-container"
      >
        <h1
          className="title-header"
        >
          South America air polution
        </h1>
      </div>
    </div>
  </div>,
  <div
    className="divider"
  />,
  <div
    className="home-container"
  >
    <div
      className="homeCard-container dark"
    >
      <div
        className="info-card"
      >
        <img
          alt="GIF"
          className="location-img"
          src="IMG-20230915-WA0004.jpg"
        />
        <h2>
          Argentina
        </h2>
      </div>
      <a
        href="/details/Argentina"
        onClick={[Function]}
      >
        <img
          alt="GIF"
          className="arrow-img"
          src="arrow-right.png"
        />
      </a>
    </div>
    <div
      className="homeCard-container light"
    >
      <div
        className="info-card"
      >
        <img
          alt="GIF"
          className="location-img"
          src="IMG-20230915-WA0004.jpg"
        />
        <h2>
          Bolivia
        </h2>
      </div>
      <a
        href="/details/Bolivia"
        onClick={[Function]}
      >
        <img
          alt="GIF"
          className="arrow-img"
          src="arrow-right.png"
        />
      </a>
    </div>
    <div
      className="homeCard-container light"
    >
      <div
        className="info-card"
      >
        <img
          alt="GIF"
          className="location-img"
          src="IMG-20230915-WA0004.jpg"
        />
        <h2>
          Brazil
        </h2>
      </div>
      <a
        href="/details/Brazil"
        onClick={[Function]}
      >
        <img
          alt="GIF"
          className="arrow-img"
          src="arrow-right.png"
        />
      </a>
    </div>
    <div
      className="homeCard-container dark"
    >
      <div
        className="info-card"
      >
        <img
          alt="GIF"
          className="location-img"
          src="IMG-20230915-WA0004.jpg"
        />
        <h2>
          Chile
        </h2>
      </div>
      <a
        href="/details/Chile"
        onClick={[Function]}
      >
        <img
          alt="GIF"
          className="arrow-img"
          src="arrow-right.png"
        />
      </a>
    </div>
    <div
      className="homeCard-container dark"
    >
      <div
        className="info-card"
      >
        <img
          alt="GIF"
          className="location-img"
          src="IMG-20230915-WA0004.jpg"
        />
        <h2>
          Colombia
        </h2>
      </div>
      <a
        href="/details/Colombia"
        onClick={[Function]}
      >
        <img
          alt="GIF"
          className="arrow-img"
          src="arrow-right.png"
        />
      </a>
    </div>
    <div
      className="homeCard-container light"
    >
      <div
        className="info-card"
      >
        <img
          alt="GIF"
          className="location-img"
          src="IMG-20230915-WA0004.jpg"
        />
        <h2>
          Ecuador
        </h2>
      </div>
      <a
        href="/details/Ecuador"
        onClick={[Function]}
      >
        <img
          alt="GIF"
          className="arrow-img"
          src="arrow-right.png"
        />
      </a>
    </div>
    <div
      className="homeCard-container light"
    >
      <div
        className="info-card"
      >
        <img
          alt="GIF"
          className="location-img"
          src="IMG-20230915-WA0004.jpg"
        />
        <h2>
          Guyana
        </h2>
      </div>
      <a
        href="/details/Guyana"
        onClick={[Function]}
      >
        <img
          alt="GIF"
          className="arrow-img"
          src="arrow-right.png"
        />
      </a>
    </div>
    <div
      className="homeCard-container dark"
    >
      <div
        className="info-card"
      >
        <img
          alt="GIF"
          className="location-img"
          src="IMG-20230915-WA0004.jpg"
        />
        <h2>
          Paraguay
        </h2>
      </div>
      <a
        href="/details/Paraguay"
        onClick={[Function]}
      >
        <img
          alt="GIF"
          className="arrow-img"
          src="arrow-right.png"
        />
      </a>
    </div>
    <div
      className="homeCard-container dark"
    >
      <div
        className="info-card"
      >
        <img
          alt="GIF"
          className="location-img"
          src="IMG-20230915-WA0004.jpg"
        />
        <h2>
          Peru
        </h2>
      </div>
      <a
        href="/details/Peru"
        onClick={[Function]}
      >
        <img
          alt="GIF"
          className="arrow-img"
          src="arrow-right.png"
        />
      </a>
    </div>
    <div
      className="homeCard-container light"
    >
      <div
        className="info-card"
      >
        <img
          alt="GIF"
          className="location-img"
          src="IMG-20230915-WA0004.jpg"
        />
        <h2>
          Suriname
        </h2>
      </div>
      <a
        href="/details/Suriname"
        onClick={[Function]}
      >
        <img
          alt="GIF"
          className="arrow-img"
          src="arrow-right.png"
        />
      </a>
    </div>
    <div
      className="homeCard-container light"
    >
      <div
        className="info-card"
      >
        <img
          alt="GIF"
          className="location-img"
          src="IMG-20230915-WA0004.jpg"
        />
        <h2>
          Uruguay
        </h2>
      </div>
      <a
        href="/details/Uruguay"
        onClick={[Function]}
      >
        <img
          alt="GIF"
          className="arrow-img"
          src="arrow-right.png"
        />
      </a>
    </div>
    <div
      className="homeCard-container dark"
    >
      <div
        className="info-card"
      >
        <img
          alt="GIF"
          className="location-img"
          src="IMG-20230915-WA0004.jpg"
        />
        <h2>
          Venezuela
        </h2>
      </div>
      <a
        href="/details/Venezuela"
        onClick={[Function]}
      >
        <img
          alt="GIF"
          className="arrow-img"
          src="arrow-right.png"
        />
      </a>
    </div>
  </div>,
]
`;
